// Jest Snapshot v1, https://goo.gl/fbAQLP

exports[`AddTaskForm should render correctly 1`] = `
<div>
  <h4
    className="mt-2"
  >
    Add a New Task
  </h4>
  <form
    className="mt-4"
    onSubmit={[Function]}
  >
    <div
      className="form-row"
    >
      <div
        className="form-group col-md-6"
      >
        <input
          className="form-control"
          id="task_title"
          placeholder="Enter task title..."
          type="text"
        />
      </div>
      <div
        className="form-group col-md-6"
      >
        <select
          className="form-control"
          id="formcontrolselect"
        >
          <option>
            Select an option
          </option>
          <option
            key="0"
          >
            Sports
          </option>
          <option
            key="1"
          >
            Work
          </option>
        </select>
      </div>
    </div>
    <input
      className="btn btn-primary"
      type="submit"
      value="Add Task"
    />
  </form>
</div>
`;
